// Jest Snapshot v1, https://goo.gl/fbAQLP

exports[`LoadingComponent should: If snapshot true 1`] = `
ShallowWrapper {
  "length": 1,
  Symbol(enzyme.__root__): [Circular],
  Symbol(enzyme.__unrendered__): <Unknown
    test={true}
  />,
  Symbol(enzyme.__renderer__): Object {
    "batchedUpdates": [Function],
    "getNode": [Function],
    "render": [Function],
    "simulateEvent": [Function],
    "unmount": [Function],
  },
  Symbol(enzyme.__node__): Object {
    "instance": null,
    "key": undefined,
    "nodeType": "function",
    "props": Object {
      "children": Array [
        <div
          className="overlay"
        />,
        <div
          className="ball"
        >
          <div
            className="button"
          />
        </div>,
      ],
      "test": undefined,
    },
    "ref": null,
    "rendered": Array [
      Object {
        "instance": null,
        "key": undefined,
        "nodeType": "host",
        "props": Object {
          "className": "overlay",
        },
        "ref": null,
        "rendered": null,
        "type": "div",
      },
      Object {
        "instance": null,
        "key": undefined,
        "nodeType": "host",
        "props": Object {
          "children": <div
            className="button"
          />,
          "className": "ball",
        },
        "ref": null,
        "rendered": Object {
          "instance": null,
          "key": undefined,
          "nodeType": "host",
          "props": Object {
            "className": "button",
          },
          "ref": null,
          "rendered": null,
          "type": "div",
        },
        "type": "div",
      },
    ],
    "type": [Function],
  },
  Symbol(enzyme.__nodes__): Array [
    Object {
      "instance": null,
      "key": undefined,
      "nodeType": "function",
      "props": Object {
        "children": Array [
          <div
            className="overlay"
          />,
          <div
            className="ball"
          >
            <div
              className="button"
            />
          </div>,
        ],
        "test": undefined,
      },
      "ref": null,
      "rendered": Array [
        Object {
          "instance": null,
          "key": undefined,
          "nodeType": "host",
          "props": Object {
            "className": "overlay",
          },
          "ref": null,
          "rendered": null,
          "type": "div",
        },
        Object {
          "instance": null,
          "key": undefined,
          "nodeType": "host",
          "props": Object {
            "children": <div
              className="button"
            />,
            "className": "ball",
          },
          "ref": null,
          "rendered": Object {
            "instance": null,
            "key": undefined,
            "nodeType": "host",
            "props": Object {
              "className": "button",
            },
            "ref": null,
            "rendered": null,
            "type": "div",
          },
          "type": "div",
        },
      ],
      "type": [Function],
    },
  ],
  Symbol(enzyme.__options__): Object {
    "adapter": ReactFifteenAdapter {
      "options": Object {
        "supportPrevContextArgumentOfComponentDidUpdate": true,
      },
    },
  },
}
`;
